# Copied into an nginx `map` block.
/blog/run-ordinary-rails-apps-globally/ /ruby-dispatch/run-ordinary-rails-apps-globally/;
/blog/run-ordinary-rails-apps-globally /ruby-dispatch/run-ordinary-rails-apps-globally/;
/docs/app-guides/elixir-observer-connection-to-your-app/ /docs/elixir/advanced-guides/connect-observer-to-your-app/;
/docs/app-guides/elixir-observer-connection-to-your-app /docs/elixir/advanced-guides/connect-observer-to-your-app/;
/docs/app-guides/elixir-livebook-connection-to-your-app/ /docs/elixir/advanced-guides/connect-livebook-to-your-app/;
/docs/app-guides/elixir-livebook-connection-to-your-app /docs/elixir/advanced-guides/connect-livebook-to-your-app/;
/docs/elixir/getting-started/iex-into-running-app/ /docs/elixir/the-basics/iex-into-running-app/;
/docs/elixir/getting-started/iex-into-running-app /docs/elixir/the-basics/iex-into-running-app/;
/docs/app-guides/elixir-static-cookie/ /docs/elixir/the-basics/clustering/;
/docs/app-guides/elixir-static-cookie /docs/elixir/the-basics/clustering/;
/docs/elixir/getting-started/clustering/ /docs/elixir/the-basics/clustering/;
/docs/elixir/getting-started/clustering /docs/elixir/the-basics/clustering/;
docs/elixir/getting-started/troubleshooting/ /docs/elixir/the-basics/troubleshooting/;
docs/elixir/getting-started/troubleshooting /docs/elixir/the-basics/troubleshooting/;
/docs/getting-started/legacy_elixir/ /docs/elixir/getting-started/legacy/;
/docs/getting-started/legacy_elixir /docs/elixir/getting-started/legacy/;
/docs/getting-started/elixir/ /docs/elixir/getting-started/;
/docs/getting-started/elixir /docs/elixir/getting-started/;
/docs/app-guides/superchronic/ /docs/app-guides/supercronic/;
/docs/app-guides/superchronic /docs/app-guides/supercronic/;
/docs/getting-started/edgedb/ /docs/app-guides/edgedb/;
/docs/getting-started/edgedb /docs/app-guides/edgedb/;
/docs/reference/postgres/ /docs/postgres/;
/docs/reference/postgres /docs/postgres/;
/docs/reference/postgres-on-nomad/ /docs/postgres/postgres-on-nomad/;
/docs/reference/postgres-on-nomad /docs/postgres/postgres-on-nomad/;
/docs/postgres/high-availability-and-global-replication/ /docs/postgres/advanced-guides/high-availability-and-global-replication/;
/docs/postgres/high-availability-and-global-replication /docs/postgres/advanced-guides/high-availability-and-global-replication/;
/docs/rails/the-basics/backup-and-restoring-data/ /docs/postgres/managing/backup-and-restore/;
/docs/rails/the-basics/backup-and-restoring-data /docs/postgres/managing/backup-and-restore/;
/docs/postgres/managing/enabling-timescale/ /docs/postgres/getting-started/enabling-timescale/;
/docs/postgres/managing/enabling-timescale /docs/postgres/getting-started/enabling-timescale/;
/docs/reference/machines/ /docs/machines/;
/docs/reference/machines /docs/machines/;
/docs/app-guides/functions-with-machines/ /docs/machines/guides-examples/functions-with-machines/;
/docs/app-guides/functions-with-machines /docs/machines/guides-examples/functions-with-machines/;
/docs/app-guides/terraform-iac-getting-started/ /docs/machines/guides-examples/terraform-machines/;
/docs/app-guides/terraform-iac-getting-started /docs/machines/guides-examples/terraform-machines/;
/docs/hands-on/connecting-to-an-app/ /docs/hands-on/open-app/;
/docs/hands-on/connecting-to-an-app /docs/hands-on/open-app/;
/docs/getting-started/installing-flyctl/ /docs/hands-on/install-flyctl/;
/docs/getting-started/installing-flyctl /docs/hands-on/install-flyctl/;
/docs/hands-on/installing/ /docs/hands-on/install-flyctl/;
/docs/hands-on/installing /docs/hands-on/install-flyctl/;
/docs/flyctl/installing/ /docs/hands-on/install-flyctl/;
/docs/flyctl/installing /docs/hands-on/install-flyctl/;
/docs/hands-on/view-app/ /docs/hands-on/check-app-status/;
/docs/hands-on/view-app /docs/hands-on/check-app-status/;
/docs/hands-on/create-app/ /docs/hands-on/launch-app/;
/docs/hands-on/create-app /docs/hands-on/launch-app/;
/docs/hands-on/deploy-app/ /docs/hands-on/launch-app/;
/docs/hands-on/deploy-app /docs/hands-on/launch-app/;
/docs/hands-on/start/ /docs/hands-on/;
/docs/hands-on/start /docs/hands-on/;
/docs/getting-started/nuxtjs/ /docs/languages-and-frameworks/nuxtjs/;
/docs/getting-started/nuxtjs /docs/languages-and-frameworks/nuxtjs/;
/docs/getting-started/dockerfile/ /docs/languages-and-frameworks/dockerfile/;
/docs/getting-started/dockerfile /docs/languages-and-frameworks/dockerfile/;
/docs/getting-started/golang/ /docs/languages-and-frameworks/golang/;
/docs/getting-started/golang /docs/languages-and-frameworks/golang/;
/docs/getting-started/ruby/ /docs/languages-and-frameworks/ruby/;
/docs/getting-started/ruby /docs/languages-and-frameworks/ruby/;
/docs/getting-started/redwood/ /docs/languages-and-frameworks/redwood/;
/docs/getting-started/redwood /docs/languages-and-frameworks/redwood/;
/docs/getting-started/node/ /docs/languages-and-frameworks/node/;
/docs/getting-started/node /docs/languages-and-frameworks/node/;
/docs/getting-started/deno/ /docs/languages-and-frameworks/deno/;
/docs/getting-started/deno /docs/languages-and-frameworks/deno/;
/docs/getting-started/python/ /docs/languages-and-frameworks/python/;
/docs/getting-started/python /docs/languages-and-frameworks/python/;
/docs/getting-started/crystal/ /docs/languages-and-frameworks/crystal/;
/docs/getting-started/crystal /docs/languages-and-frameworks/crystal/;
/docs/getting-started/remix/ /docs/languages-and-frameworks/remix/;
/docs/getting-started/remix /docs/languages-and-frameworks/remix/;
/docs/getting-started/static/ /docs/languages-and-frameworks/static/;
/docs/getting-started/static /docs/languages-and-frameworks/static/;
/docs/getting-started/nextjs/ /docs/languages-and-frameworks/nextjs/;
/docs/getting-started/nextjs /docs/languages-and-frameworks/nextjs/;
/docs/reference/scaling/ /docs/apps/legacy-scaling/;
/docs/reference/scaling /docs/apps/legacy-scaling/;
/docs/getting-started/django/ /docs/django/getting-started/;
/docs/getting-started/django /docs/django/getting-started/;
/docs/reference/fly-replay/ /docs/reference/dynamic-request-routing/;
/docs/reference/fly-replay /docs/reference/dynamic-request-routing/;
/docs/reference/regional-request-routing/ /docs/reference/dynamic-request-routing/;
/docs/reference/regional-request-routing /docs/reference/dynamic-request-routing/;
/docs/getting-started/launch-app/ /docs/reference/fly-launch/;
/docs/getting-started/launch-app /docs/reference/fly-launch/;
/docs/getting-started/laravel/ /docs/laravel/;
/docs/getting-started/laravel /docs/laravel/;
/docs/rails/advanced-guides/machine-api/ /docs/rails/advanced-guides/machine/;
/docs/rails/advanced-guides/machine-api /docs/rails/advanced-guides/machine/;
/docs/getting-started/rails/ /docs/rails/getting-started/;
/docs/getting-started/rails /docs/rails/getting-started/;
/blog/remote-ide-the-hard-way/ /blog/remote-ide-machines/;
/blog/remote-ide-the-hard-way /blog/remote-ide-machines/;
/blog/love-letter-react-phoenix/ /blog/love-letter-react/;
/blog/love-letter-react-phoenix /blog/love-letter-react/;
